// Jest Snapshot v1, https://goo.gl/fbAQLP

exports[`Box Renders default 1`] = `
<div
  class="flex pm m0"
>
  box
</div>
`;
