// Jest Snapshot v1, https://goo.gl/fbAQLP

exports[`Flex Renders Default 1`] = `
<body>
  <div>
    <div
      class="row d--flex"
    >
      children
    </div>
  </div>
</body>
`;
